> 144
> 5
> 13
> 34
> 7996979920205089640
> 21
> 5
> 