sema: error: 3:7: Invalid operand types to binary operator '^'
