> 1
> 1
> 2
> 3
> 5
> 34
> 24157817
> 1070169069571928416
> 