1
2
1.50000
3.00000
2
4
2.50000
5.00000
Printing string:
foo
String printed.
Printing string:
bar
String printed.
