└── Program
    └── FuncDecl: returnType = 'int', name = 'literals'
        └── CompoundStmt
            └── VarDecl: type = 'string', name = 'z'
                └── StringLiteral: value = 'quarantadue'
