1:1 -> 1:6          "foo"               STRING_LITERAL      
1:7 -> 1:12         "bar"               STRING_LITERAL      
