1:1 -> 1:7          return              RETURN              
1:8 -> 1:11         foo                 IDENTIFIER          
3:1 -> 3:3          if                  IF                  
3:4 -> 3:8          else                ELSE                
3:9 -> 3:14         while               WHILE               
3:15 -> 3:18        for                 FOR                 
5:1 -> 5:8          foo_bar             IDENTIFIER          
5:9 -> 5:15         foo123              IDENTIFIER          
