sema: error: 3:14: Invalid operand types to binary operator '+'
