sema: error: 5:5: Invalid operand type to unary operator '-'
