1
2
3
2
4
6
1.00000
2.00000
2.00000
1.00000
Test!
foo
Test!
bar
foo
quux
