sema: error: 3:9: Type of initializer does not match type of variable
