sema: error: 4:5: Array subscript must be an integer
