1:1 -> 1:2          1                   INT_LITERAL         
1:3 -> 1:5          12                  INT_LITERAL         
1:6 -> 1:9          123                 INT_LITERAL         
1:10 -> 1:14        1234                INT_LITERAL         
1:15 -> 1:20        12345               INT_LITERAL         
