1:1 -> 1:3          ==                  EQUALS_EQUALS       
