└── Program <2>
    └── FuncDecl: returnType = 'foobar', name = 'f' <1>
        └── CompoundStmt <0>
