sema: error: Condition for an if statement must be an integer
