sema: error: Condition for a while statement must be an integer
