sema: error: Type of return statement does not match function return type
